2026-09-14 22:59:22 +0800	START strategy=validate_54_then_run_missing 
2026-09-14 23:00:46 +0800	START strategy=validate_54_then_run_missing 
2026-09-14 23:00:55 +0800	VALIDATED_EXISTING 1 of 59 CNP0000460_P01N 
2026-09-14 23:00:55 +0800	VALIDATED_EXISTING 2 of 59 CNP0000460_P01T 
2026-09-14 23:00:55 +0800	VALIDATED_EXISTING 3 of 59 CNP0000460_P02N 
2026-09-14 23:00:55 +0800	VALIDATED_EXISTING 4 of 59 CNP0000460_P02T 
2026-09-14 23:00:56 +0800	VALIDATED_EXISTING 5 of 59 CNP0000460_P03N 
2026-09-14 23:00:56 +0800	VALIDATED_EXISTING 6 of 59 CNP0000460_P03T 
2026-09-14 23:00:56 +0800	VALIDATED_EXISTING 7 of 59 CNP0000460_P04T 
2026-09-14 23:00:56 +0800	VALIDATED_EXISTING 8 of 59 CNP0000460_P05N 
2026-09-14 23:00:56 +0800	VALIDATED_EXISTING 9 of 59 CNP0000460_P05T 
2026-09-14 23:00:56 +0800	VALIDATED_EXISTING 10 of 59 CNP0000460_P06T 
2026-09-14 23:00:56 +0800	VALIDATED_EXISTING 11 of 59 CNP0000460_P07N 
2026-09-14 23:00:56 +0800	VALIDATED_EXISTING 12 of 59 CNP0000460_P07T 
2026-09-14 23:00:56 +0800	VALIDATED_EXISTING 13 of 59 GSE222315_p1_BCa 
2026-09-14 23:00:56 +0800	VALIDATED_EXISTING 14 of 59 GSE222315_p2_BCa 
2026-09-14 23:00:56 +0800	VALIDATED_EXISTING 15 of 59 GSE222315_p2_NAT 
2026-09-14 23:00:56 +0800	VALIDATED_EXISTING 16 of 59 GSE222315_p3_BCa 
2026-09-14 23:00:56 +0800	VALIDATED_EXISTING 17 of 59 GSE222315_p4_BCa 
2026-09-14 23:00:56 +0800	VALIDATED_EXISTING 18 of 59 GSE222315_p4_NAT 
2026-09-14 23:00:56 +0800	VALIDATED_EXISTING 19 of 59 GSE222315_p5_BCa 
2026-09-14 23:00:56 +0800	VALIDATED_EXISTING 20 of 59 GSE222315_p5_NAT 
2026-09-14 23:00:56 +0800	VALIDATED_EXISTING 21 of 59 GSE222315_p6_BCa 
2026-09-14 23:00:56 +0800	VALIDATED_EXISTING 22 of 59 GSE222315_p7_BCa 
2026-09-14 23:00:56 +0800	VALIDATED_EXISTING 23 of 59 GSE222315_p8_BCa 
2026-09-14 23:00:56 +0800	VALIDATED_EXISTING 24 of 59 GSE222315_p9_BCa 
2026-09-14 23:00:56 +0800	VALIDATED_EXISTING 25 of 59 GSM4006644_BC1 
2026-09-14 23:00:56 +0800	VALIDATED_EXISTING 26 of 59 GSM4006645_BC2 
2026-09-14 23:00:56 +0800	VALIDATED_EXISTING 27 of 59 GSM4006646_BC3 
2026-09-14 23:00:57 +0800	VALIDATED_EXISTING 28 of 59 GSM4006647_BC4 
2026-09-14 23:00:57 +0800	VALIDATED_EXISTING 29 of 59 GSM4006648_BC5 
2026-09-14 23:00:57 +0800	VALIDATED_EXISTING 30 of 59 GSM4751267_BC6 
2026-09-14 23:00:57 +0800	VALIDATED_EXISTING 31 of 59 GSM4751268_BC7 
2026-09-14 23:00:57 +0800	VALIDATED_EXISTING 32 of 59 GSM5329919_BCN 
2026-09-14 23:00:57 +0800	VALIDATED_EXISTING 33 of 59 HRA003620_BC-01 
2026-09-14 23:00:57 +0800	VALIDATED_EXISTING 34 of 59 HRA003620_BC-04 
2026-09-14 23:00:57 +0800	VALIDATED_EXISTING 35 of 59 HRA003620_BC-05 
2026-09-14 23:00:57 +0800	VALIDATED_EXISTING 36 of 59 HRA003620_BC-11 
2026-09-14 23:00:57 +0800	VALIDATED_EXISTING 37 of 59 HRA003620_BC-24 
2026-09-14 23:00:57 +0800	VALIDATED_EXISTING 38 of 59 HRA003620_BC-27 
2026-09-14 23:00:57 +0800	VALIDATED_EXISTING 39 of 59 HRA003620_BC-30 
2026-09-14 23:00:57 +0800	VALIDATED_EXISTING 40 of 59 HRA003620_NC-01 
2026-09-14 23:00:57 +0800	VALIDATED_EXISTING 41 of 59 HRA003620_NC-04 
2026-09-14 23:00:57 +0800	VALIDATED_EXISTING 42 of 59 HRA003620_NC-05 
2026-09-14 23:00:57 +0800	VALIDATED_EXISTING 43 of 59 HRA003620_NC-11 
2026-09-14 23:00:57 +0800	VALIDATED_EXISTING 44 of 59 HRA003620_NC-24 
2026-09-14 23:00:57 +0800	VALIDATED_EXISTING 45 of 59 HRA003620_NC-27 
2026-09-14 23:00:57 +0800	VALIDATED_EXISTING 46 of 59 HRA003620_NC-30 
2026-09-14 23:00:57 +0800	VALIDATED_EXISTING 47 of 59 T4091568 
2026-09-14 23:00:57 +0800	VALIDATED_EXISTING 48 of 59 T4295396 
2026-09-14 23:00:57 +0800	VALIDATED_EXISTING 49 of 59 T4380845 
2026-09-14 23:00:57 +0800	VALIDATED_EXISTING 50 of 59 T4398343 
2026-09-14 23:00:58 +0800	VALIDATED_EXISTING 51 of 59 T4450398 
2026-09-14 23:00:58 +0800	VALIDATED_EXISTING 52 of 59 T4463209a 
2026-09-14 23:00:58 +0800	VALIDATED_EXISTING 53 of 59 T4463209b 
2026-09-14 23:00:58 +0800	VALIDATED_EXISTING 54 of 59 T4465219 
2026-09-14 23:10:20 +0800	END all_cells= 410466 singlets= 388352 doublets= 22114 checkpoint= /home/jinshengxi/LLPS/1.2 基本处理/scRNA_standard_pipeline_v1_20260914_151017/checkpoints/01c_DoubletFinder_allCellCalled_20260914_231016.qs2 elapsed_seconds= 574.258 
