2026-09-14 15:40:58 +0800	START 
2026-09-14 15:41:06 +0800	SAMPLE_START 1 of 59 CNP0000460_P01N 
2026-09-14 15:41:16 +0800	JOINLAYERS CNP0000460_P01N applied= TRUE step=DoubletFinder_sample_preparation 
2026-09-14 15:46:12 +0800	SAMPLE_START 1 of 59 CNP0000460_P01N 
2026-09-14 15:46:21 +0800	JOINLAYERS CNP0000460_P01N applied= TRUE step=DoubletFinder_sample_preparation 
2026-09-14 15:51:02 +0800	SAMPLE_END 1 of 59 CNP0000460_P01N doublets= 849 singlets= 10908 elapsed_seconds= 290.862 
2026-09-14 15:51:02 +0800	SAMPLE_START 2 of 59 CNP0000460_P01T 
2026-09-14 15:51:10 +0800	JOINLAYERS CNP0000460_P01T applied= TRUE step=DoubletFinder_sample_preparation 
2026-09-14 15:56:03 +0800	SAMPLE_END 2 of 59 CNP0000460_P01T doublets= 705 singlets= 8962 elapsed_seconds= 300.084 
2026-09-14 15:56:03 +0800	SAMPLE_START 3 of 59 CNP0000460_P02N 
2026-09-14 15:56:09 +0800	JOINLAYERS CNP0000460_P02N applied= TRUE step=DoubletFinder_sample_preparation 
2026-09-14 15:57:32 +0800	SAMPLE_END 3 of 59 CNP0000460_P02N doublets= 116 singlets= 3510 elapsed_seconds= 89.046 
2026-09-14 15:57:32 +0800	SAMPLE_START 4 of 59 CNP0000460_P02T 
2026-09-14 15:57:38 +0800	JOINLAYERS CNP0000460_P02T applied= TRUE step=DoubletFinder_sample_preparation 
2026-09-14 16:02:02 +0800	SAMPLE_END 4 of 59 CNP0000460_P02T doublets= 682 singlets= 9286 elapsed_seconds= 270.218 
2026-09-14 16:02:02 +0800	SAMPLE_START 5 of 59 CNP0000460_P03N 
2026-09-14 16:02:08 +0800	JOINLAYERS CNP0000460_P03N applied= TRUE step=DoubletFinder_sample_preparation 
2026-09-14 16:04:12 +0800	SAMPLE_END 5 of 59 CNP0000460_P03N doublets= 220 singlets= 4879 elapsed_seconds= 130.039 
2026-09-14 16:04:12 +0800	SAMPLE_START 6 of 59 CNP0000460_P03T 
2026-09-14 16:04:19 +0800	JOINLAYERS CNP0000460_P03T applied= TRUE step=DoubletFinder_sample_preparation 
2026-09-14 16:05:56 +0800	SAMPLE_END 6 of 59 CNP0000460_P03T doublets= 171 singlets= 4196 elapsed_seconds= 104.033 
2026-09-14 16:05:56 +0800	SAMPLE_START 7 of 59 CNP0000460_P04T 
2026-09-14 16:06:03 +0800	JOINLAYERS CNP0000460_P04T applied= TRUE step=DoubletFinder_sample_preparation 
2026-09-14 16:10:34 +0800	SAMPLE_END 7 of 59 CNP0000460_P04T doublets= 874 singlets= 11261 elapsed_seconds= 278.031 
2026-09-14 16:10:34 +0800	SAMPLE_START 8 of 59 CNP0000460_P05N 
2026-09-14 16:10:40 +0800	JOINLAYERS CNP0000460_P05N applied= TRUE step=DoubletFinder_sample_preparation 
2026-09-14 16:11:37 +0800	SAMPLE_END 8 of 59 CNP0000460_P05N doublets= 129 singlets= 3737 elapsed_seconds= 63.066 
2026-09-14 16:11:37 +0800	SAMPLE_START 9 of 59 CNP0000460_P05T 
2026-09-14 16:11:43 +0800	JOINLAYERS CNP0000460_P05T applied= TRUE step=DoubletFinder_sample_preparation 
2026-09-14 16:15:57 +0800	SAMPLE_END 9 of 59 CNP0000460_P05T doublets= 651 singlets= 8648 elapsed_seconds= 259.994 
2026-09-14 16:15:57 +0800	SAMPLE_START 10 of 59 CNP0000460_P06T 
2026-09-14 16:16:03 +0800	JOINLAYERS CNP0000460_P06T applied= TRUE step=DoubletFinder_sample_preparation 
2026-09-14 16:19:26 +0800	SAMPLE_END 10 of 59 CNP0000460_P06T doublets= 550 singlets= 8123 elapsed_seconds= 209.104 
2026-09-14 16:19:26 +0800	SAMPLE_START 11 of 59 CNP0000460_P07N 
2026-09-14 16:19:32 +0800	JOINLAYERS CNP0000460_P07N applied= TRUE step=DoubletFinder_sample_preparation 
2026-09-14 16:21:13 +0800	SAMPLE_END 11 of 59 CNP0000460_P07N doublets= 139 singlets= 4154 elapsed_seconds= 107.158 
2026-09-14 16:21:13 +0800	SAMPLE_START 12 of 59 CNP0000460_P07T 
2026-09-14 16:21:19 +0800	JOINLAYERS CNP0000460_P07T applied= TRUE step=DoubletFinder_sample_preparation 
2026-09-14 16:23:11 +0800	SAMPLE_END 12 of 59 CNP0000460_P07T doublets= 169 singlets= 4580 elapsed_seconds= 118.258 
2026-09-14 16:23:11 +0800	SAMPLE_START 13 of 59 GSE222315_p1_BCa 
2026-09-14 16:23:18 +0800	JOINLAYERS GSE222315_p1_BCa applied= TRUE step=DoubletFinder_sample_preparation 
2026-09-14 16:25:38 +0800	SAMPLE_END 13 of 59 GSE222315_p1_BCa doublets= 481 singlets= 7191 elapsed_seconds= 146.166 
2026-09-14 16:25:38 +0800	SAMPLE_START 14 of 59 GSE222315_p2_BCa 
2026-09-14 16:25:45 +0800	JOINLAYERS GSE222315_p2_BCa applied= TRUE step=DoubletFinder_sample_preparation 
2026-09-14 16:29:34 +0800	SAMPLE_END 14 of 59 GSE222315_p2_BCa doublets= 842 singlets= 10880 elapsed_seconds= 236.578 
2026-09-14 16:29:34 +0800	SAMPLE_START 15 of 59 GSE222315_p2_NAT 
2026-09-14 16:29:41 +0800	JOINLAYERS GSE222315_p2_NAT applied= TRUE step=DoubletFinder_sample_preparation 
2026-09-14 16:31:28 +0800	SAMPLE_END 15 of 59 GSE222315_p2_NAT doublets= 444 singlets= 6637 elapsed_seconds= 113.746 
2026-09-14 16:31:28 +0800	SAMPLE_START 16 of 59 GSE222315_p3_BCa 
2026-09-14 16:31:34 +0800	JOINLAYERS GSE222315_p3_BCa applied= TRUE step=DoubletFinder_sample_preparation 
2026-09-14 16:32:58 +0800	SAMPLE_END 16 of 59 GSE222315_p3_BCa doublets= 333 singlets= 5693 elapsed_seconds= 89.984 
2026-09-14 16:32:58 +0800	SAMPLE_START 17 of 59 GSE222315_p4_BCa 
2026-09-14 16:33:04 +0800	JOINLAYERS GSE222315_p4_BCa applied= TRUE step=DoubletFinder_sample_preparation 
2026-09-14 16:34:10 +0800	SAMPLE_END 17 of 59 GSE222315_p4_BCa doublets= 198 singlets= 4561 elapsed_seconds= 72.381 
2026-09-14 16:34:10 +0800	SAMPLE_START 18 of 59 GSE222315_p4_NAT 
2026-09-14 16:34:16 +0800	JOINLAYERS GSE222315_p4_NAT applied= TRUE step=DoubletFinder_sample_preparation 
2026-09-14 16:35:23 +0800	SAMPLE_END 18 of 59 GSE222315_p4_NAT doublets= 229 singlets= 4703 elapsed_seconds= 72.393 
2026-09-14 16:35:23 +0800	SAMPLE_START 19 of 59 GSE222315_p5_BCa 
2026-09-14 16:35:29 +0800	JOINLAYERS GSE222315_p5_BCa applied= TRUE step=DoubletFinder_sample_preparation 
2026-09-14 16:36:56 +0800	SAMPLE_END 19 of 59 GSE222315_p5_BCa doublets= 258 singlets= 5231 elapsed_seconds= 92.888 
2026-09-14 16:36:56 +0800	SAMPLE_START 20 of 59 GSE222315_p5_NAT 
2026-09-14 16:37:02 +0800	JOINLAYERS GSE222315_p5_NAT applied= TRUE step=DoubletFinder_sample_preparation 
2026-09-14 16:37:58 +0800	SAMPLE_END 20 of 59 GSE222315_p5_NAT doublets= 174 singlets= 4195 elapsed_seconds= 62.495 
2026-09-14 16:37:58 +0800	SAMPLE_START 21 of 59 GSE222315_p6_BCa 
2026-09-14 16:38:04 +0800	JOINLAYERS GSE222315_p6_BCa applied= TRUE step=DoubletFinder_sample_preparation 
2026-09-14 16:39:04 +0800	SAMPLE_END 21 of 59 GSE222315_p6_BCa doublets= 123 singlets= 3336 elapsed_seconds= 65.388 
2026-09-14 16:39:04 +0800	SAMPLE_START 22 of 59 GSE222315_p7_BCa 
2026-09-14 16:39:10 +0800	JOINLAYERS GSE222315_p7_BCa applied= TRUE step=DoubletFinder_sample_preparation 
2026-09-14 16:40:08 +0800	SAMPLE_END 22 of 59 GSE222315_p7_BCa doublets= 137 singlets= 3822 elapsed_seconds= 64.745 
2026-09-14 16:40:08 +0800	SAMPLE_START 23 of 59 GSE222315_p8_BCa 
2026-09-14 16:40:15 +0800	JOINLAYERS GSE222315_p8_BCa applied= TRUE step=DoubletFinder_sample_preparation 
2026-09-14 16:41:46 +0800	SAMPLE_END 23 of 59 GSE222315_p8_BCa doublets= 245 singlets= 5032 elapsed_seconds= 97.98 
2026-09-14 16:41:46 +0800	SAMPLE_START 24 of 59 GSE222315_p9_BCa 
2026-09-14 16:41:53 +0800	JOINLAYERS GSE222315_p9_BCa applied= TRUE step=DoubletFinder_sample_preparation 
2026-09-14 16:43:13 +0800	SAMPLE_END 24 of 59 GSE222315_p9_BCa doublets= 194 singlets= 4348 elapsed_seconds= 86.453 
2026-09-14 16:43:13 +0800	SAMPLE_START 25 of 59 GSM4006644_BC1 
2026-09-14 16:43:19 +0800	JOINLAYERS GSM4006644_BC1 applied= TRUE step=DoubletFinder_sample_preparation 
2026-09-14 16:44:05 +0800	SAMPLE_END 25 of 59 GSM4006644_BC1 doublets= 59 singlets= 2725 elapsed_seconds= 52.108 
2026-09-14 16:44:05 +0800	SAMPLE_START 26 of 59 GSM4006645_BC2 
2026-09-14 16:44:12 +0800	JOINLAYERS GSM4006645_BC2 applied= TRUE step=DoubletFinder_sample_preparation 
2026-09-14 16:45:19 +0800	SAMPLE_END 26 of 59 GSM4006645_BC2 doublets= 151 singlets= 4225 elapsed_seconds= 74.037 
2026-09-14 16:45:19 +0800	SAMPLE_START 27 of 59 GSM4006646_BC3 
2026-09-14 16:45:25 +0800	JOINLAYERS GSM4006646_BC3 applied= TRUE step=DoubletFinder_sample_preparation 
2026-09-14 16:46:05 +0800	SAMPLE_END 27 of 59 GSM4006646_BC3 doublets= 62 singlets= 2843 elapsed_seconds= 46.182 
2026-09-14 16:46:05 +0800	SAMPLE_START 28 of 59 GSM4006647_BC4 
2026-09-14 16:46:11 +0800	JOINLAYERS GSM4006647_BC4 applied= TRUE step=DoubletFinder_sample_preparation 
2026-09-14 16:47:07 +0800	SAMPLE_END 28 of 59 GSM4006647_BC4 doublets= 141 singlets= 4211 elapsed_seconds= 62.26 
2026-09-14 16:47:07 +0800	SAMPLE_START 29 of 59 GSM4006648_BC5 
2026-09-14 16:47:14 +0800	JOINLAYERS GSM4006648_BC5 applied= TRUE step=DoubletFinder_sample_preparation 
2026-09-14 16:49:10 +0800	SAMPLE_END 29 of 59 GSM4006648_BC5 doublets= 384 singlets= 6214 elapsed_seconds= 122.365 
2026-09-14 16:49:10 +0800	SAMPLE_START 30 of 59 GSM4751267_BC6 
2026-09-14 16:49:16 +0800	JOINLAYERS GSM4751267_BC6 applied= TRUE step=DoubletFinder_sample_preparation 
2026-09-14 16:50:36 +0800	SAMPLE_END 30 of 59 GSM4751267_BC6 doublets= 200 singlets= 4768 elapsed_seconds= 86.027 
2026-09-14 16:50:36 +0800	SAMPLE_START 31 of 59 GSM4751268_BC7 
2026-09-14 16:50:42 +0800	JOINLAYERS GSM4751268_BC7 applied= TRUE step=DoubletFinder_sample_preparation 
2026-09-14 16:51:48 +0800	SAMPLE_END 31 of 59 GSM4751268_BC7 doublets= 172 singlets= 4540 elapsed_seconds= 72.239 
2026-09-14 16:51:48 +0800	SAMPLE_START 32 of 59 GSM5329919_BCN 
2026-09-14 16:51:54 +0800	JOINLAYERS GSM5329919_BCN applied= TRUE step=DoubletFinder_sample_preparation 
2026-09-14 16:53:10 +0800	SAMPLE_END 32 of 59 GSM5329919_BCN doublets= 215 singlets= 5011 elapsed_seconds= 82.131 
2026-09-14 16:53:10 +0800	SAMPLE_START 33 of 59 HRA003620_BC-01 
2026-09-14 16:53:17 +0800	JOINLAYERS HRA003620_BC-01 applied= TRUE step=DoubletFinder_sample_preparation 
2026-09-14 16:55:36 +0800	SAMPLE_END 33 of 59 HRA003620_BC-01 doublets= 292 singlets= 5498 elapsed_seconds= 146.258 
2026-09-14 16:55:36 +0800	SAMPLE_START 34 of 59 HRA003620_BC-04 
2026-09-14 16:55:43 +0800	JOINLAYERS HRA003620_BC-04 applied= TRUE step=DoubletFinder_sample_preparation 
2026-09-14 16:57:27 +0800	SAMPLE_END 34 of 59 HRA003620_BC-04 doublets= 89 singlets= 3026 elapsed_seconds= 110.612 
2026-09-14 16:57:27 +0800	SAMPLE_START 35 of 59 HRA003620_BC-05 
2026-09-14 16:57:34 +0800	JOINLAYERS HRA003620_BC-05 applied= TRUE step=DoubletFinder_sample_preparation 
2026-09-14 17:00:22 +0800	SAMPLE_END 35 of 59 HRA003620_BC-05 doublets= 319 singlets= 6125 elapsed_seconds= 175.247 
2026-09-14 17:00:22 +0800	SAMPLE_START 36 of 59 HRA003620_BC-11 
2026-09-14 17:00:29 +0800	JOINLAYERS HRA003620_BC-11 applied= TRUE step=DoubletFinder_sample_preparation 
2026-09-14 17:02:51 +0800	SAMPLE_END 36 of 59 HRA003620_BC-11 doublets= 344 singlets= 5936 elapsed_seconds= 149.109 
2026-09-14 17:02:51 +0800	SAMPLE_START 37 of 59 HRA003620_BC-24 
2026-09-14 17:02:58 +0800	JOINLAYERS HRA003620_BC-24 applied= TRUE step=DoubletFinder_sample_preparation 
2026-09-14 17:06:37 +0800	SAMPLE_END 37 of 59 HRA003620_BC-24 doublets= 483 singlets= 7592 elapsed_seconds= 225.374 
2026-09-14 17:06:37 +0800	SAMPLE_START 38 of 59 HRA003620_BC-27 
2026-09-14 17:06:44 +0800	JOINLAYERS HRA003620_BC-27 applied= TRUE step=DoubletFinder_sample_preparation 
2026-09-14 17:08:53 +0800	SAMPLE_END 38 of 59 HRA003620_BC-27 doublets= 164 singlets= 4201 elapsed_seconds= 136.732 
2026-09-14 17:08:53 +0800	SAMPLE_START 39 of 59 HRA003620_BC-30 
2026-09-14 17:09:00 +0800	JOINLAYERS HRA003620_BC-30 applied= TRUE step=DoubletFinder_sample_preparation 
2026-09-14 17:12:30 +0800	SAMPLE_END 39 of 59 HRA003620_BC-30 doublets= 519 singlets= 7146 elapsed_seconds= 216.536 
2026-09-14 17:12:30 +0800	SAMPLE_START 40 of 59 HRA003620_NC-01 
2026-09-14 17:12:37 +0800	JOINLAYERS HRA003620_NC-01 applied= TRUE step=DoubletFinder_sample_preparation 
2026-09-14 17:13:42 +0800	SAMPLE_END 40 of 59 HRA003620_NC-01 doublets= 22 singlets= 1527 elapsed_seconds= 72.135 
2026-09-14 17:13:42 +0800	SAMPLE_START 41 of 59 HRA003620_NC-04 
2026-09-14 17:13:49 +0800	JOINLAYERS HRA003620_NC-04 applied= TRUE step=DoubletFinder_sample_preparation 
2026-09-14 17:15:56 +0800	SAMPLE_END 41 of 59 HRA003620_NC-04 doublets= 229 singlets= 4936 elapsed_seconds= 134.071 
2026-09-14 17:15:56 +0800	SAMPLE_START 42 of 59 HRA003620_NC-05 
2026-09-14 17:16:03 +0800	JOINLAYERS HRA003620_NC-05 applied= TRUE step=DoubletFinder_sample_preparation 
2026-09-14 17:18:35 +0800	SAMPLE_END 42 of 59 HRA003620_NC-05 doublets= 252 singlets= 5044 elapsed_seconds= 158.384 
2026-09-14 17:18:35 +0800	SAMPLE_START 43 of 59 HRA003620_NC-11 
2026-09-14 17:18:42 +0800	JOINLAYERS HRA003620_NC-11 applied= TRUE step=DoubletFinder_sample_preparation 
2026-09-14 17:21:04 +0800	SAMPLE_END 43 of 59 HRA003620_NC-11 doublets= 294 singlets= 5365 elapsed_seconds= 149.535 
2026-09-14 17:21:04 +0800	SAMPLE_START 44 of 59 HRA003620_NC-24 
2026-09-14 17:21:11 +0800	JOINLAYERS HRA003620_NC-24 applied= TRUE step=DoubletFinder_sample_preparation 
2026-09-14 17:22:57 +0800	SAMPLE_END 44 of 59 HRA003620_NC-24 doublets= 118 singlets= 3841 elapsed_seconds= 112.519 
2026-09-14 17:22:57 +0800	SAMPLE_START 45 of 59 HRA003620_NC-27 
2026-09-14 17:23:03 +0800	JOINLAYERS HRA003620_NC-27 applied= TRUE step=DoubletFinder_sample_preparation 
2026-09-14 17:25:36 +0800	SAMPLE_END 45 of 59 HRA003620_NC-27 doublets= 366 singlets= 6013 elapsed_seconds= 159.866 
2026-09-14 17:25:36 +0800	SAMPLE_START 46 of 59 HRA003620_NC-30 
2026-09-14 17:25:43 +0800	JOINLAYERS HRA003620_NC-30 applied= TRUE step=DoubletFinder_sample_preparation 
2026-09-14 17:29:14 +0800	SAMPLE_END 46 of 59 HRA003620_NC-30 doublets= 628 singlets= 8060 elapsed_seconds= 217.371 
2026-09-14 17:29:14 +0800	SAMPLE_START 47 of 59 T4091568 
2026-09-14 17:29:20 +0800	JOINLAYERS T4091568 applied= TRUE step=DoubletFinder_sample_preparation 
2026-09-14 17:31:18 +0800	SAMPLE_END 47 of 59 T4091568 doublets= 325 singlets= 6077 elapsed_seconds= 124.61 
2026-09-14 17:31:18 +0800	SAMPLE_START 48 of 59 T4295396 
2026-09-14 17:31:25 +0800	JOINLAYERS T4295396 applied= TRUE step=DoubletFinder_sample_preparation 
2026-09-14 17:32:49 +0800	SAMPLE_END 48 of 59 T4295396 doublets= 253 singlets= 5103 elapsed_seconds= 90.862 
2026-09-14 17:32:49 +0800	SAMPLE_START 49 of 59 T4380845 
2026-09-14 17:32:56 +0800	JOINLAYERS T4380845 applied= TRUE step=DoubletFinder_sample_preparation 
2026-09-14 17:33:42 +0800	SAMPLE_END 49 of 59 T4380845 doublets= 82 singlets= 3094 elapsed_seconds= 53.077 
2026-09-14 17:33:42 +0800	SAMPLE_START 50 of 59 T4398343 
2026-09-14 17:33:48 +0800	JOINLAYERS T4398343 applied= TRUE step=DoubletFinder_sample_preparation 
2026-09-14 17:36:38 +0800	SAMPLE_END 50 of 59 T4398343 doublets= 602 singlets= 7863 elapsed_seconds= 175.387 
2026-09-14 17:36:38 +0800	SAMPLE_START 51 of 59 T4450398 
2026-09-14 17:36:45 +0800	JOINLAYERS T4450398 applied= TRUE step=DoubletFinder_sample_preparation 
2026-09-14 17:40:50 +0800	SAMPLE_END 51 of 59 T4450398 doublets= 922 singlets= 12388 elapsed_seconds= 251.762 
2026-09-14 17:40:50 +0800	SAMPLE_START 52 of 59 T4463209a 
2026-09-14 17:40:56 +0800	JOINLAYERS T4463209a applied= TRUE step=DoubletFinder_sample_preparation 
2026-09-14 17:43:36 +0800	SAMPLE_END 52 of 59 T4463209a doublets= 466 singlets= 7126 elapsed_seconds= 166.837 
2026-09-14 17:43:36 +0800	SAMPLE_START 53 of 59 T4463209b 
2026-09-14 17:43:43 +0800	JOINLAYERS T4463209b applied= TRUE step=DoubletFinder_sample_preparation 
2026-09-14 17:44:48 +0800	SAMPLE_END 53 of 59 T4463209b doublets= 177 singlets= 4404 elapsed_seconds= 72.027 
2026-09-14 17:44:48 +0800	SAMPLE_START 54 of 59 T4465219 
2026-09-14 17:44:56 +0800	JOINLAYERS T4465219 applied= TRUE step=DoubletFinder_sample_preparation 
2026-09-14 17:48:55 +0800	SAMPLE_END 54 of 59 T4465219 doublets= 951 singlets= 11964 elapsed_seconds= 246.548 
2026-09-14 17:48:55 +0800	SAMPLE_START 55 of 59 T4465935 
2026-09-14 17:49:01 +0800	JOINLAYERS T4465935 applied= TRUE step=DoubletFinder_sample_preparation 
2026-09-14 17:50:08 +0800	SAMPLE_END 55 of 59 T4465935 doublets= 153 singlets= 4071 elapsed_seconds= 73.405 
2026-09-14 17:50:08 +0800	SAMPLE_START 56 of 59 T4466585 
2026-09-14 17:50:15 +0800	JOINLAYERS T4466585 applied= TRUE step=DoubletFinder_sample_preparation 
2026-09-14 17:51:06 +0800	SAMPLE_END 56 of 59 T4466585 doublets= 105 singlets= 3657 elapsed_seconds= 57.726 
2026-09-14 17:51:06 +0800	SAMPLE_START 57 of 59 T4469479 
2026-09-14 17:51:12 +0800	JOINLAYERS T4469479 applied= TRUE step=DoubletFinder_sample_preparation 
2026-09-14 17:52:23 +0800	SAMPLE_END 57 of 59 T4469479 doublets= 174 singlets= 4617 elapsed_seconds= 76.626 
2026-09-14 17:52:23 +0800	SAMPLE_START 58 of 59 T4471438 
2026-09-14 17:52:29 +0800	JOINLAYERS T4471438 applied= TRUE step=DoubletFinder_sample_preparation 
2026-09-14 17:55:13 +0800	SAMPLE_END 58 of 59 T4471438 doublets= 627 singlets= 8184 elapsed_seconds= 169.896 
2026-09-14 17:55:13 +0800	SAMPLE_START 59 of 59 T8009218 
2026-09-14 17:55:18 +0800	JOINLAYERS T8009218 applied= TRUE step=DoubletFinder_sample_preparation 
2026-09-14 17:56:30 +0800	SAMPLE_END 59 of 59 T8009218 doublets= 171 singlets= 4658 elapsed_seconds= 77.337 
2026-09-14 19:27:46 +0800	SAMPLE_START 1 of 59 CNP0000460_P01N 
2026-09-14 19:27:55 +0800	JOINLAYERS CNP0000460_P01N applied= TRUE step=DoubletFinder_sample_preparation 
2026-09-14 19:32:42 +0800	SAMPLE_END 1 of 59 CNP0000460_P01N doublets= 933 singlets= 12009 elapsed_seconds= 296.56 
2026-09-14 19:32:42 +0800	SAMPLE_START 2 of 59 CNP0000460_P01T 
2026-09-14 19:32:50 +0800	JOINLAYERS CNP0000460_P01T applied= TRUE step=DoubletFinder_sample_preparation 
2026-09-14 19:38:05 +0800	SAMPLE_END 2 of 59 CNP0000460_P01T doublets= 792 singlets= 10105 elapsed_seconds= 322.897 
2026-09-14 19:38:05 +0800	SAMPLE_START 3 of 59 CNP0000460_P02N 
2026-09-14 19:38:13 +0800	JOINLAYERS CNP0000460_P02N applied= TRUE step=DoubletFinder_sample_preparation 
2026-09-14 19:39:49 +0800	SAMPLE_END 3 of 59 CNP0000460_P02N doublets= 133 singlets= 3984 elapsed_seconds= 104.421 
2026-09-14 19:39:49 +0800	SAMPLE_START 4 of 59 CNP0000460_P02T 
2026-09-14 19:39:57 +0800	JOINLAYERS CNP0000460_P02T applied= TRUE step=DoubletFinder_sample_preparation 
2026-09-14 19:44:13 +0800	SAMPLE_END 4 of 59 CNP0000460_P02T doublets= 687 singlets= 9318 elapsed_seconds= 264.074 
2026-09-14 19:44:13 +0800	SAMPLE_START 5 of 59 CNP0000460_P03N 
2026-09-14 19:44:20 +0800	JOINLAYERS CNP0000460_P03N applied= TRUE step=DoubletFinder_sample_preparation 
2026-09-14 19:46:39 +0800	SAMPLE_END 5 of 59 CNP0000460_P03N doublets= 246 singlets= 5416 elapsed_seconds= 145.894 
2026-09-14 19:46:39 +0800	SAMPLE_START 6 of 59 CNP0000460_P03T 
2026-09-14 19:46:47 +0800	JOINLAYERS CNP0000460_P03T applied= TRUE step=DoubletFinder_sample_preparation 
2026-09-14 19:48:51 +0800	SAMPLE_END 6 of 59 CNP0000460_P03T doublets= 204 singlets= 5020 elapsed_seconds= 131.178 
2026-09-14 19:48:51 +0800	SAMPLE_START 7 of 59 CNP0000460_P04T 
2026-09-14 19:48:58 +0800	JOINLAYERS CNP0000460_P04T applied= TRUE step=DoubletFinder_sample_preparation 
2026-09-14 19:57:44 +0800	SAMPLE_START 1 of 59 CNP0000460_P01N 
2026-09-14 19:57:54 +0800	JOINLAYERS CNP0000460_P01N applied= TRUE step=DoubletFinder_sample_preparation 
2026-09-14 20:02:41 +0800	SAMPLE_END 1 of 59 CNP0000460_P01N doublets= 933 singlets= 12054 elapsed_seconds= 296.922 
2026-09-14 20:02:41 +0800	SAMPLE_START 2 of 59 CNP0000460_P01T 
2026-09-14 20:02:49 +0800	JOINLAYERS CNP0000460_P01T applied= TRUE step=DoubletFinder_sample_preparation 
2026-09-14 20:07:44 +0800	SAMPLE_END 2 of 59 CNP0000460_P01T doublets= 782 singlets= 10118 elapsed_seconds= 303.62 
2026-09-14 20:07:44 +0800	SAMPLE_START 3 of 59 CNP0000460_P02N 
2026-09-14 20:07:52 +0800	JOINLAYERS CNP0000460_P02N applied= TRUE step=DoubletFinder_sample_preparation 
2026-09-14 20:09:33 +0800	SAMPLE_END 3 of 59 CNP0000460_P02N doublets= 143 singlets= 4229 elapsed_seconds= 108.753 
2026-09-14 20:09:33 +0800	SAMPLE_START 4 of 59 CNP0000460_P02T 
2026-09-14 20:09:41 +0800	JOINLAYERS CNP0000460_P02T applied= TRUE step=DoubletFinder_sample_preparation 
2026-09-14 20:13:53 +0800	SAMPLE_END 4 of 59 CNP0000460_P02T doublets= 684 singlets= 9322 elapsed_seconds= 259.427 
2026-09-14 20:13:53 +0800	SAMPLE_START 5 of 59 CNP0000460_P03N 
2026-09-14 20:14:00 +0800	JOINLAYERS CNP0000460_P03N applied= TRUE step=DoubletFinder_sample_preparation 
2026-09-14 20:16:22 +0800	SAMPLE_END 5 of 59 CNP0000460_P03N doublets= 257 singlets= 5654 elapsed_seconds= 149.678 
2026-09-14 20:16:22 +0800	SAMPLE_START 6 of 59 CNP0000460_P03T 
2026-09-14 20:16:30 +0800	JOINLAYERS CNP0000460_P03T applied= TRUE step=DoubletFinder_sample_preparation 
2026-09-14 20:18:36 +0800	SAMPLE_END 6 of 59 CNP0000460_P03T doublets= 213 singlets= 5197 elapsed_seconds= 134.097 
2026-09-14 20:18:36 +0800	SAMPLE_START 7 of 59 CNP0000460_P04T 
2026-09-14 20:18:44 +0800	JOINLAYERS CNP0000460_P04T applied= TRUE step=DoubletFinder_sample_preparation 
2026-09-14 20:23:20 +0800	SAMPLE_END 7 of 59 CNP0000460_P04T doublets= 888 singlets= 11406 elapsed_seconds= 283.101 
2026-09-14 20:23:20 +0800	SAMPLE_START 8 of 59 CNP0000460_P05N 
2026-09-14 20:23:27 +0800	JOINLAYERS CNP0000460_P05N applied= TRUE step=DoubletFinder_sample_preparation 
2026-09-14 20:25:07 +0800	SAMPLE_END 8 of 59 CNP0000460_P05N doublets= 155 singlets= 4460 elapsed_seconds= 107.226 
2026-09-14 20:25:07 +0800	SAMPLE_START 9 of 59 CNP0000460_P05T 
2026-09-14 20:25:15 +0800	JOINLAYERS CNP0000460_P05T applied= TRUE step=DoubletFinder_sample_preparation 
2026-09-14 20:29:31 +0800	SAMPLE_END 9 of 59 CNP0000460_P05T doublets= 683 singlets= 8991 elapsed_seconds= 263.811 
2026-09-14 20:29:31 +0800	SAMPLE_START 10 of 59 CNP0000460_P06T 
2026-09-14 20:29:38 +0800	JOINLAYERS CNP0000460_P06T applied= TRUE step=DoubletFinder_sample_preparation 
2026-09-14 20:33:16 +0800	SAMPLE_END 10 of 59 CNP0000460_P06T doublets= 570 singlets= 8390 elapsed_seconds= 224.932 
2026-09-14 20:33:16 +0800	SAMPLE_START 11 of 59 CNP0000460_P07N 
2026-09-14 20:33:23 +0800	JOINLAYERS CNP0000460_P07N applied= TRUE step=DoubletFinder_sample_preparation 
2026-09-14 20:35:11 +0800	SAMPLE_END 11 of 59 CNP0000460_P07N doublets= 152 singlets= 4431 elapsed_seconds= 115.559 
2026-09-14 20:35:11 +0800	SAMPLE_START 12 of 59 CNP0000460_P07T 
2026-09-14 20:35:19 +0800	JOINLAYERS CNP0000460_P07T applied= TRUE step=DoubletFinder_sample_preparation 
2026-09-14 20:37:25 +0800	SAMPLE_END 12 of 59 CNP0000460_P07T doublets= 174 singlets= 4702 elapsed_seconds= 133.76 
2026-09-14 20:37:25 +0800	SAMPLE_START 13 of 59 GSE222315_p1_BCa 
2026-09-14 20:37:33 +0800	JOINLAYERS GSE222315_p1_BCa applied= TRUE step=DoubletFinder_sample_preparation 
2026-09-14 20:40:35 +0800	SAMPLE_END 13 of 59 GSE222315_p1_BCa doublets= 548 singlets= 8159 elapsed_seconds= 190.65 
2026-09-14 20:40:35 +0800	SAMPLE_START 14 of 59 GSE222315_p2_BCa 
2026-09-14 20:40:44 +0800	JOINLAYERS GSE222315_p2_BCa applied= TRUE step=DoubletFinder_sample_preparation 
2026-09-14 20:44:40 +0800	SAMPLE_END 14 of 59 GSE222315_p2_BCa doublets= 928 singlets= 11935 elapsed_seconds= 244.195 
2026-09-14 20:44:40 +0800	SAMPLE_START 15 of 59 GSE222315_p2_NAT 
2026-09-14 20:44:47 +0800	JOINLAYERS GSE222315_p2_NAT applied= TRUE step=DoubletFinder_sample_preparation 
2026-09-14 20:47:32 +0800	SAMPLE_END 15 of 59 GSE222315_p2_NAT doublets= 586 singlets= 8585 elapsed_seconds= 172.584 
2026-09-14 20:47:32 +0800	SAMPLE_START 16 of 59 GSE222315_p3_BCa 
2026-09-14 20:47:39 +0800	JOINLAYERS GSE222315_p3_BCa applied= TRUE step=DoubletFinder_sample_preparation 
2026-09-14 20:49:57 +0800	SAMPLE_END 16 of 59 GSE222315_p3_BCa doublets= 437 singlets= 7345 elapsed_seconds= 144.644 
2026-09-14 20:49:57 +0800	SAMPLE_START 17 of 59 GSE222315_p4_BCa 
2026-09-14 20:50:04 +0800	JOINLAYERS GSE222315_p4_BCa applied= TRUE step=DoubletFinder_sample_preparation 
2026-09-14 20:51:36 +0800	SAMPLE_END 17 of 59 GSE222315_p4_BCa doublets= 240 singlets= 5529 elapsed_seconds= 98.947 
2026-09-14 20:51:36 +0800	SAMPLE_START 18 of 59 GSE222315_p4_NAT 
2026-09-14 20:51:43 +0800	JOINLAYERS GSE222315_p4_NAT applied= TRUE step=DoubletFinder_sample_preparation 
2026-09-14 20:53:21 +0800	SAMPLE_END 18 of 59 GSE222315_p4_NAT doublets= 289 singlets= 6008 elapsed_seconds= 105.106 
2026-09-14 20:53:21 +0800	SAMPLE_START 19 of 59 GSE222315_p5_BCa 
2026-09-14 20:53:28 +0800	JOINLAYERS GSE222315_p5_BCa applied= TRUE step=DoubletFinder_sample_preparation 
2026-09-14 20:55:15 +0800	SAMPLE_END 19 of 59 GSE222315_p5_BCa doublets= 308 singlets= 6184 elapsed_seconds= 113.61 
2026-09-14 20:55:15 +0800	SAMPLE_START 20 of 59 GSE222315_p5_NAT 
2026-09-14 20:55:22 +0800	JOINLAYERS GSE222315_p5_NAT applied= TRUE step=DoubletFinder_sample_preparation 
2026-09-14 20:56:38 +0800	SAMPLE_END 20 of 59 GSE222315_p5_NAT doublets= 224 singlets= 5321 elapsed_seconds= 82.92 
2026-09-14 20:56:38 +0800	SAMPLE_START 21 of 59 GSE222315_p6_BCa 
2026-09-14 20:56:45 +0800	JOINLAYERS GSE222315_p6_BCa applied= TRUE step=DoubletFinder_sample_preparation 
2026-09-14 20:58:03 +0800	SAMPLE_END 21 of 59 GSE222315_p6_BCa doublets= 176 singlets= 4815 elapsed_seconds= 85.846 
2026-09-14 20:58:03 +0800	SAMPLE_START 22 of 59 GSE222315_p7_BCa 
2026-09-14 20:58:10 +0800	JOINLAYERS GSE222315_p7_BCa applied= TRUE step=DoubletFinder_sample_preparation 
2026-09-14 20:59:27 +0800	SAMPLE_END 22 of 59 GSE222315_p7_BCa doublets= 164 singlets= 4564 elapsed_seconds= 83.508 
2026-09-14 20:59:27 +0800	SAMPLE_START 23 of 59 GSE222315_p8_BCa 
2026-09-14 20:59:35 +0800	JOINLAYERS GSE222315_p8_BCa applied= TRUE step=DoubletFinder_sample_preparation 
2026-09-14 21:01:33 +0800	SAMPLE_END 23 of 59 GSE222315_p8_BCa doublets= 294 singlets= 6016 elapsed_seconds= 126.624 
2026-09-14 21:01:33 +0800	SAMPLE_START 24 of 59 GSE222315_p9_BCa 
2026-09-14 21:01:41 +0800	JOINLAYERS GSE222315_p9_BCa applied= TRUE step=DoubletFinder_sample_preparation 
2026-09-14 21:03:32 +0800	SAMPLE_END 24 of 59 GSE222315_p9_BCa doublets= 251 singlets= 5577 elapsed_seconds= 118.651 
2026-09-14 21:03:32 +0800	SAMPLE_START 25 of 59 GSM4006644_BC1 
2026-09-14 21:03:40 +0800	JOINLAYERS GSM4006644_BC1 applied= TRUE step=DoubletFinder_sample_preparation 
2026-09-14 21:04:37 +0800	SAMPLE_END 25 of 59 GSM4006644_BC1 doublets= 69 singlets= 3066 elapsed_seconds= 64.799 
2026-09-14 21:04:37 +0800	SAMPLE_START 26 of 59 GSM4006645_BC2 
2026-09-14 21:04:44 +0800	JOINLAYERS GSM4006645_BC2 applied= TRUE step=DoubletFinder_sample_preparation 
2026-09-14 21:06:07 +0800	SAMPLE_END 26 of 59 GSM4006645_BC2 doublets= 165 singlets= 4641 elapsed_seconds= 90.015 
2026-09-14 21:06:07 +0800	SAMPLE_START 27 of 59 GSM4006646_BC3 
2026-09-14 21:06:14 +0800	JOINLAYERS GSM4006646_BC3 applied= TRUE step=DoubletFinder_sample_preparation 
2026-09-14 21:06:59 +0800	SAMPLE_END 27 of 59 GSM4006646_BC3 doublets= 66 singlets= 2957 elapsed_seconds= 51.781 
2026-09-14 21:06:59 +0800	SAMPLE_START 28 of 59 GSM4006647_BC4 
2026-09-14 21:07:06 +0800	JOINLAYERS GSM4006647_BC4 applied= TRUE step=DoubletFinder_sample_preparation 
2026-09-14 21:08:17 +0800	SAMPLE_END 28 of 59 GSM4006647_BC4 doublets= 156 singlets= 4764 elapsed_seconds= 78.421 
2026-09-14 21:08:17 +0800	SAMPLE_START 29 of 59 GSM4006648_BC5 
2026-09-14 21:08:25 +0800	JOINLAYERS GSM4006648_BC5 applied= TRUE step=DoubletFinder_sample_preparation 
2026-09-14 21:10:57 +0800	SAMPLE_END 29 of 59 GSM4006648_BC5 doublets= 474 singlets= 7571 elapsed_seconds= 159.372 
2026-09-14 21:10:57 +0800	SAMPLE_START 30 of 59 GSM4751267_BC6 
2026-09-14 21:11:04 +0800	JOINLAYERS GSM4751267_BC6 applied= TRUE step=DoubletFinder_sample_preparation 
2026-09-14 21:12:39 +0800	SAMPLE_END 30 of 59 GSM4751267_BC6 doublets= 240 singlets= 5623 elapsed_seconds= 102.894 
2026-09-14 21:12:39 +0800	SAMPLE_START 31 of 59 GSM4751268_BC7 
2026-09-14 21:12:47 +0800	JOINLAYERS GSM4751268_BC7 applied= TRUE step=DoubletFinder_sample_preparation 
2026-09-14 21:14:04 +0800	SAMPLE_END 31 of 59 GSM4751268_BC7 doublets= 195 singlets= 5084 elapsed_seconds= 84.186 
2026-09-14 21:14:04 +0800	SAMPLE_START 32 of 59 GSM5329919_BCN 
2026-09-14 21:14:11 +0800	JOINLAYERS GSM5329919_BCN applied= TRUE step=DoubletFinder_sample_preparation 
2026-09-14 21:15:42 +0800	SAMPLE_END 32 of 59 GSM5329919_BCN doublets= 239 singlets= 5505 elapsed_seconds= 98.822 
2026-09-14 21:15:42 +0800	SAMPLE_START 33 of 59 HRA003620_BC-01 
2026-09-14 21:15:50 +0800	JOINLAYERS HRA003620_BC-01 applied= TRUE step=DoubletFinder_sample_preparation 
2026-09-14 21:18:50 +0800	SAMPLE_END 33 of 59 HRA003620_BC-01 doublets= 376 singlets= 6963 elapsed_seconds= 187.636 
2026-09-14 21:18:50 +0800	SAMPLE_START 34 of 59 HRA003620_BC-04 
2026-09-14 21:18:58 +0800	JOINLAYERS HRA003620_BC-04 applied= TRUE step=DoubletFinder_sample_preparation 
2026-09-14 21:20:58 +0800	SAMPLE_END 34 of 59 HRA003620_BC-04 doublets= 120 singlets= 3955 elapsed_seconds= 127.505 
2026-09-14 21:20:58 +0800	SAMPLE_START 35 of 59 HRA003620_BC-05 
2026-09-14 21:21:05 +0800	JOINLAYERS HRA003620_BC-05 applied= TRUE step=DoubletFinder_sample_preparation 
2026-09-14 21:24:10 +0800	SAMPLE_END 35 of 59 HRA003620_BC-05 doublets= 345 singlets= 6679 elapsed_seconds= 191.964 
2026-09-14 21:24:10 +0800	SAMPLE_START 36 of 59 HRA003620_BC-11 
2026-09-14 21:24:17 +0800	JOINLAYERS HRA003620_BC-11 applied= TRUE step=DoubletFinder_sample_preparation 
2026-09-14 21:27:31 +0800	SAMPLE_END 36 of 59 HRA003620_BC-11 doublets= 438 singlets= 7366 elapsed_seconds= 201.188 
2026-09-14 21:27:31 +0800	SAMPLE_START 37 of 59 HRA003620_BC-24 
2026-09-14 21:27:39 +0800	JOINLAYERS HRA003620_BC-24 applied= TRUE step=DoubletFinder_sample_preparation 
2026-09-14 21:31:30 +0800	SAMPLE_END 37 of 59 HRA003620_BC-24 doublets= 498 singlets= 7838 elapsed_seconds= 239.188 
2026-09-14 21:31:30 +0800	SAMPLE_START 38 of 59 HRA003620_BC-27 
2026-09-14 21:31:37 +0800	JOINLAYERS HRA003620_BC-27 applied= TRUE step=DoubletFinder_sample_preparation 
2026-09-14 21:33:51 +0800	SAMPLE_END 38 of 59 HRA003620_BC-27 doublets= 194 singlets= 5015 elapsed_seconds= 140.905 
2026-09-14 21:33:51 +0800	SAMPLE_START 39 of 59 HRA003620_BC-30 
2026-09-14 21:33:59 +0800	JOINLAYERS HRA003620_BC-30 applied= TRUE step=DoubletFinder_sample_preparation 
2026-09-14 21:38:12 +0800	SAMPLE_END 39 of 59 HRA003620_BC-30 doublets= 638 singlets= 8692 elapsed_seconds= 261.575 
2026-09-14 21:38:12 +0800	SAMPLE_START 40 of 59 HRA003620_NC-01 
2026-09-14 21:38:19 +0800	JOINLAYERS HRA003620_NC-01 applied= TRUE step=DoubletFinder_sample_preparation 
2026-09-14 21:39:36 +0800	SAMPLE_END 40 of 59 HRA003620_NC-01 doublets= 30 singlets= 1991 elapsed_seconds= 84.054 
2026-09-14 21:39:36 +0800	SAMPLE_START 41 of 59 HRA003620_NC-04 
2026-09-14 21:39:44 +0800	JOINLAYERS HRA003620_NC-04 applied= TRUE step=DoubletFinder_sample_preparation 
2026-09-14 21:42:24 +0800	SAMPLE_END 41 of 59 HRA003620_NC-04 doublets= 293 singlets= 6212 elapsed_seconds= 167.424 
2026-09-14 21:42:24 +0800	SAMPLE_START 42 of 59 HRA003620_NC-05 
2026-09-14 21:42:32 +0800	JOINLAYERS HRA003620_NC-05 applied= TRUE step=DoubletFinder_sample_preparation 
2026-09-14 21:45:24 +0800	SAMPLE_END 42 of 59 HRA003620_NC-05 doublets= 308 singlets= 6160 elapsed_seconds= 180.321 
2026-09-14 21:45:24 +0800	SAMPLE_START 43 of 59 HRA003620_NC-11 
2026-09-14 21:45:32 +0800	JOINLAYERS HRA003620_NC-11 applied= TRUE step=DoubletFinder_sample_preparation 
2026-09-14 21:48:26 +0800	SAMPLE_END 43 of 59 HRA003620_NC-11 doublets= 367 singlets= 6744 elapsed_seconds= 181.448 
2026-09-14 21:48:26 +0800	SAMPLE_START 44 of 59 HRA003620_NC-24 
2026-09-14 21:48:33 +0800	JOINLAYERS HRA003620_NC-24 applied= TRUE step=DoubletFinder_sample_preparation 
2026-09-14 21:50:19 +0800	SAMPLE_END 44 of 59 HRA003620_NC-24 doublets= 131 singlets= 4225 elapsed_seconds= 113.546 
2026-09-14 21:50:19 +0800	SAMPLE_START 45 of 59 HRA003620_NC-27 
2026-09-14 21:50:26 +0800	JOINLAYERS HRA003620_NC-27 applied= TRUE step=DoubletFinder_sample_preparation 
2026-09-14 21:53:45 +0800	SAMPLE_END 45 of 59 HRA003620_NC-27 doublets= 462 singlets= 7745 elapsed_seconds= 206.171 
2026-09-14 21:53:45 +0800	SAMPLE_START 46 of 59 HRA003620_NC-30 
2026-09-14 21:53:53 +0800	JOINLAYERS HRA003620_NC-30 applied= TRUE step=DoubletFinder_sample_preparation 
2026-09-14 21:58:28 +0800	SAMPLE_END 46 of 59 HRA003620_NC-30 doublets= 835 singlets= 10655 elapsed_seconds= 282.615 
2026-09-14 21:58:28 +0800	SAMPLE_START 47 of 59 T4091568 
2026-09-14 21:58:35 +0800	JOINLAYERS T4091568 applied= TRUE step=DoubletFinder_sample_preparation 
2026-09-14 22:00:37 +0800	SAMPLE_END 47 of 59 T4091568 doublets= 357 singlets= 6625 elapsed_seconds= 128.974 
2026-09-14 22:00:37 +0800	SAMPLE_START 48 of 59 T4295396 
2026-09-14 22:00:44 +0800	JOINLAYERS T4295396 applied= TRUE step=DoubletFinder_sample_preparation 
2026-09-14 22:02:28 +0800	SAMPLE_END 48 of 59 T4295396 doublets= 309 singlets= 6258 elapsed_seconds= 111.324 
2026-09-14 22:02:28 +0800	SAMPLE_START 49 of 59 T4380845 
2026-09-14 22:02:35 +0800	JOINLAYERS T4380845 applied= TRUE step=DoubletFinder_sample_preparation 
2026-09-14 22:03:33 +0800	SAMPLE_END 49 of 59 T4380845 doublets= 92 singlets= 3418 elapsed_seconds= 65.028 
2026-09-14 22:03:33 +0800	SAMPLE_START 50 of 59 T4398343 
2026-09-14 22:03:41 +0800	JOINLAYERS T4398343 applied= TRUE step=DoubletFinder_sample_preparation 
2026-09-14 22:07:13 +0800	SAMPLE_END 50 of 59 T4398343 doublets= 688 singlets= 8930 elapsed_seconds= 219.408 
2026-09-14 22:07:13 +0800	SAMPLE_START 51 of 59 T4450398 
2026-09-14 22:07:21 +0800	JOINLAYERS T4450398 applied= TRUE step=DoubletFinder_sample_preparation 
2026-09-14 22:11:26 +0800	SAMPLE_END 51 of 59 T4450398 doublets= 936 singlets= 12464 elapsed_seconds= 253.199 
2026-09-14 22:11:26 +0800	SAMPLE_START 52 of 59 T4463209a 
2026-09-14 22:11:33 +0800	JOINLAYERS T4463209a applied= TRUE step=DoubletFinder_sample_preparation 
2026-09-14 22:14:34 +0800	SAMPLE_END 52 of 59 T4463209a doublets= 514 singlets= 7822 elapsed_seconds= 188.445 
2026-09-14 22:14:34 +0800	SAMPLE_START 53 of 59 T4463209b 
2026-09-14 22:14:41 +0800	JOINLAYERS T4463209b applied= TRUE step=DoubletFinder_sample_preparation 
2026-09-14 22:16:08 +0800	SAMPLE_END 53 of 59 T4463209b doublets= 204 singlets= 5070 elapsed_seconds= 93.58 
2026-09-14 22:16:08 +0800	SAMPLE_START 54 of 59 T4465219 
2026-09-14 22:16:16 +0800	JOINLAYERS T4465219 applied= TRUE step=DoubletFinder_sample_preparation 
2026-09-14 22:20:16 +0800	SAMPLE_END 54 of 59 T4465219 doublets= 954 singlets= 12010 elapsed_seconds= 247.85 
2026-09-14 22:20:16 +0800	SAMPLE_START 55 of 59 T4465935 
2026-09-14 22:20:23 +0800	JOINLAYERS T4465935 applied= TRUE step=DoubletFinder_sample_preparation 
2026-09-14 22:59:31 +0800	SAMPLE_START 1 of 59 CNP0000460_P01N 
2026-09-14 22:59:42 +0800	JOINLAYERS CNP0000460_P01N applied= TRUE step=DoubletFinder_sample_preparation 
2026-09-14 23:00:58 +0800	SAMPLE_START 55 of 59 T4465935 
2026-09-14 23:01:07 +0800	JOINLAYERS T4465935 applied= TRUE step=DoubletFinder_sample_preparation 
2026-09-14 23:02:36 +0800	SAMPLE_END 55 of 59 T4465935 doublets= 179 singlets= 4761 elapsed_seconds= 98.437 
2026-09-14 23:02:36 +0800	SAMPLE_START 56 of 59 T4466585 
2026-09-14 23:02:44 +0800	JOINLAYERS T4466585 applied= TRUE step=DoubletFinder_sample_preparation 
2026-09-14 23:03:35 +0800	SAMPLE_END 56 of 59 T4466585 doublets= 105 singlets= 3669 elapsed_seconds= 58.467 
2026-09-14 23:03:35 +0800	SAMPLE_START 57 of 59 T4469479 
2026-09-14 23:03:42 +0800	JOINLAYERS T4469479 applied= TRUE step=DoubletFinder_sample_preparation 
2026-09-14 23:05:02 +0800	SAMPLE_END 57 of 59 T4469479 doublets= 191 singlets= 5055 elapsed_seconds= 87.591 
2026-09-14 23:05:02 +0800	SAMPLE_START 58 of 59 T4471438 
2026-09-14 23:05:10 +0800	JOINLAYERS T4471438 applied= TRUE step=DoubletFinder_sample_preparation 
2026-09-14 23:08:43 +0800	SAMPLE_END 58 of 59 T4471438 doublets= 695 singlets= 9135 elapsed_seconds= 221.281 
2026-09-14 23:08:43 +0800	SAMPLE_START 59 of 59 T8009218 
2026-09-14 23:08:51 +0800	JOINLAYERS T8009218 applied= TRUE step=DoubletFinder_sample_preparation 
2026-09-14 23:10:15 +0800	SAMPLE_END 59 of 59 T8009218 doublets= 172 singlets= 4692 elapsed_seconds= 91.457 
