2026-09-15 09:05:24 START checkpoint=/home/jinshengxi/LLPS/1.2 基本处理/scRNA_standard_pipeline_v1_20260914_151017/checkpoints/01e_preprocessed_PCA30_standardMAD_20260915_001747.qs2
[?25h[?25h[?25h[?25hTransposing data matrix
Using automatic lambda estimation
Thetas: 2
Initializing state using k-means centroids initialization
Initializing centroids
0%   10   20   30   40   50   60   70   80   90   100%
[----|----|----|----|----|----|----|----|----|----|
**************************************************|
Harmony 1/10
0%   10   20   30   40   50   60   70   80   90   100%
[----|----|----|----|----|----|----|----|----|----|
**************************************************|
0%   10   20   30   40   50   60   70   80   90   100%
[----|----|----|----|----|----|----|----|----|----|
**************************************************|
Harmony 2/10
0%   10   20   30   40   50   60   70   80   90   100%
[----|----|----|----|----|----|----|----|----|----|
**************************************************|
0%   10   20   30   40   50   60   70   80   90   100%
[----|----|----|----|----|----|----|----|----|----|
**************************************************|
Harmony 3/10
0%   10   20   30   40   50   60   70   80   90   100%
[----|----|----|----|----|----|----|----|----|----|
**************************************************|
0%   10   20   30   40   50   60   70   80   90   100%
[----|----|----|----|----|----|----|----|----|----|
**************************************************|
Harmony 4/10
0%   10   20   30   40   50   60   70   80   90   100%
[----|----|----|----|----|----|----|----|----|----|
**************************************************|
0%   10   20   30   40   50   60   70   80   90   100%
[----|----|----|----|----|----|----|----|----|----|
**************************************************|
Harmony 5/10
0%   10   20   30   40   50   60   70   80   90   100%
[----|----|----|----|----|----|----|----|----|----|
**************************************************|
0%   10   20   30   40   50   60   70   80   90   100%
[----|----|----|----|----|----|----|----|----|----|
**************************************************|
Harmony 6/10
0%   10   20   30   40   50   60   70   80   90   100%
[----|----|----|----|----|----|----|----|----|----|
**************************************************|
0%   10   20   30   40   50   60   70   80   90   100%
[----|----|----|----|----|----|----|----|----|----|
**************************************************|
Harmony 7/10
0%   10   20   30   40   50   60   70   80   90   100%
[----|----|----|----|----|----|----|----|----|----|
**************************************************|
0%   10   20   30   40   50   60   70   80   90   100%
[----|----|----|----|----|----|----|----|----|----|
**************************************************|
Harmony 8/10
0%   10   20   30   40   50   60   70   80   90   100%
[----|----|----|----|----|----|----|----|----|----|
**************************************************|
0%   10   20   30   40   50   60   70   80   90   100%
[----|----|----|----|----|----|----|----|----|----|
**************************************************|
Harmony 9/10
0%   10   20   30   40   50   60   70   80   90   100%
[----|----|----|----|----|----|----|----|----|----|
**************************************************|
0%   10   20   30   40   50   60   70   80   90   100%
[----|----|----|----|----|----|----|----|----|----|
**************************************************|
Harmony 10/10
0%   10   20   30   40   50   60   70   80   90   100%
[----|----|----|----|----|----|----|----|----|----|
**************************************************|
0%   10   20   30   40   50   60   70   80   90   100%
[----|----|----|----|----|----|----|----|----|----|
**************************************************|
[?25h[?25h[?25hComputing nearest neighbor graph
Computing SNN
[?25hModularity Optimizer version 1.3.0 by Ludo Waltman and Nees Jan van Eck

Number of nodes: 372323
Number of edges: 10727745

Running Louvain algorithm...
0%   10   20   30   40   50   60   70   80   90   100%
[----|----|----|----|----|----|----|----|----|----|
**************************************************|
Maximum modularity in 10 random starts: 0.9180
Number of communities: 115
Elapsed time: 198 seconds
67 singletons identified. 48 final clusters.
[?25h[?25hWarning: The default method for RunUMAP has changed from calling Python UMAP via reticulate to the R-native UWOT using the cosine metric
To use Python UMAP via reticulate, set umap.method to 'umap-learn' and metric to 'correlation'
This message will be shown once per session
09:17:55 UMAP embedding parameters a = 0.9922 b = 1.112
09:17:55 Read 372323 rows and found 30 numeric columns
09:17:55 Using Annoy for neighbor search, n_neighbors = 30
09:17:55 Building Annoy index with metric = cosine, n_trees = 50
0%   10   20   30   40   50   60   70   80   90   100%
[----|----|----|----|----|----|----|----|----|----|
**************************************************|
09:18:39 Writing NN index file to temp file /tmp/Rtmpz8laQ8/file2894ae2f3452bb
09:18:39 Searching Annoy index using 1 thread, search_k = 3000
09:21:40 Annoy recall = 100%
09:21:41 Commencing smooth kNN distance calibration using 1 thread with target n_neighbors = 30
09:21:49 Initializing from normalized Laplacian + noise (using RSpectra)
09:24:00 Commencing optimization for 200 epochs, with 18304590 positive edges
09:24:00 Using rng type: pcg
Using method 'umap'
0%   10   20   30   40   50   60   70   80   90   100%
[----|----|----|----|----|----|----|----|----|----|
**************************************************|
09:27:10 Optimization finished
[?25h[?25h[?25h[?25h[?25h[?25h[?25h[?25h[?25h[?25h[?25h[?25h2026-09-15 09:27:23 END clusters=48 checkpoint=/home/jinshengxi/LLPS/1.2 基本处理/scRNA_standard_pipeline_v1_20260914_151017/checkpoints/02_harmony_clustered_res0.8_standardMAD_20260915_092711.qs2 elapsed_seconds=1319.405
[?25h[?25h