[?25h[?25h[?25h[?25h[?25h[?25h2026-09-15 19:14:58 START marker checkpoint=/home/jinshengxi/LLPS/1.2 基本处理/scRNA_standard_pipeline_v1_20260914_151017/checkpoints/02_harmony_clustered_res0.8_standardMAD_20260915_092711.qs2
[?25h[?25h[?25h[?25h[?25h[?25h[?25h[?25h[?25h[?25h[?25h[?25h[?25h[?25h[?25hCalculating cluster 0
Calculating cluster 1
Calculating cluster 2
Calculating cluster 3
Calculating cluster 4
Calculating cluster 5
Calculating cluster 6
Calculating cluster 7
Calculating cluster 8
Calculating cluster 9
Calculating cluster 10
Calculating cluster 11
Calculating cluster 12
Calculating cluster 13
Calculating cluster 14
Calculating cluster 15
Calculating cluster 16
Calculating cluster 17
Calculating cluster 18
Calculating cluster 19
Calculating cluster 20
Calculating cluster 21
Calculating cluster 22
Calculating cluster 23
Calculating cluster 24
Calculating cluster 25
Calculating cluster 26
Calculating cluster 27
Calculating cluster 28
Calculating cluster 29
Calculating cluster 30
Calculating cluster 31
Calculating cluster 32
Calculating cluster 33
Calculating cluster 34
Calculating cluster 35
Calculating cluster 36
Calculating cluster 37
Calculating cluster 38
Calculating cluster 39
Calculating cluster 40
Calculating cluster 41
Calculating cluster 42
Calculating cluster 43
Calculating cluster 44
Calculating cluster 45
Calculating cluster 46
Calculating cluster 47
[?25h[?25h[?25h[?25h[?25h[?25h[?25h[?25h[?25h[?25h[?25h[?25h[?25h[?25h[?25h[?25h[?25h[?25h2026-09-15 20:24:49 END all_rows=136433 top50_rows=2400 output=/home/jinshengxi/LLPS/1.2 基本处理/scRNA_standard_pipeline_v1_20260914_151017/06_markers/standardMAD_res0.8_20260915_191457 elapsed_seconds=4192.73
[?25h[?25h